%!Adobe-FontList 1.23
%Locale:0x409

%BeginFont
Handler:DirectoryHandler
FontType:Invalid
OutlineFileName:C:\xampp\htdocs\ganacsi-kaal\fpdf\Font\courier.php
FileModTime:1442650502
%EndFont

%BeginFont
Handler:DirectoryHandler
FontType:Invalid
OutlineFileName:C:\xampp\htdocs\ganacsi-kaal\fpdf\Font\courierb.php
FileModTime:1442650502
%EndFont

%BeginFont
Handler:DirectoryHandler
FontType:Invalid
OutlineFileName:C:\xampp\htdocs\ganacsi-kaal\fpdf\Font\courierbi.php
FileModTime:1442650502
%EndFont

%BeginFont
Handler:DirectoryHandler
FontType:Invalid
OutlineFileName:C:\xampp\htdocs\ganacsi-kaal\fpdf\Font\courieri.php
FileModTime:1442650502
%EndFont

%BeginFont
Handler:DirectoryHandler
FontType:Invalid
OutlineFileName:C:\xampp\htdocs\ganacsi-kaal\fpdf\Font\helvetica.php
FileModTime:1442650502
%EndFont

%BeginFont
Handler:DirectoryHandler
FontType:Invalid
OutlineFileName:C:\xampp\htdocs\ganacsi-kaal\fpdf\Font\helveticab.php
FileModTime:1442650502
%EndFont

%BeginFont
Handler:DirectoryHandler
FontType:Invalid
OutlineFileName:C:\xampp\htdocs\ganacsi-kaal\fpdf\Font\helveticabi.php
FileModTime:1442650502
%EndFont

%BeginFont
Handler:DirectoryHandler
FontType:Invalid
OutlineFileName:C:\xampp\htdocs\ganacsi-kaal\fpdf\Font\helveticai.php
FileModTime:1442650502
%EndFont

%BeginFont
Handler:DirectoryHandler
FontType:Invalid
OutlineFileName:C:\xampp\htdocs\ganacsi-kaal\fpdf\Font\symbol.php
FileModTime:1442650502
%EndFont

%BeginFont
Handler:DirectoryHandler
FontType:Invalid
OutlineFileName:C:\xampp\htdocs\ganacsi-kaal\fpdf\Font\times.php
FileModTime:1442650502
%EndFont

%BeginFont
Handler:DirectoryHandler
FontType:Invalid
OutlineFileName:C:\xampp\htdocs\ganacsi-kaal\fpdf\Font\timesb.php
FileModTime:1442650502
%EndFont

%BeginFont
Handler:DirectoryHandler
FontType:Invalid
OutlineFileName:C:\xampp\htdocs\ganacsi-kaal\fpdf\Font\timesbi.php
FileModTime:1442650502
%EndFont

%BeginFont
Handler:DirectoryHandler
FontType:Invalid
OutlineFileName:C:\xampp\htdocs\ganacsi-kaal\fpdf\Font\timesi.php
FileModTime:1442650502
%EndFont

%BeginFont
Handler:DirectoryHandler
FontType:Invalid
OutlineFileName:C:\xampp\htdocs\ganacsi-kaal\fpdf\Font\zapfdingbats.php
FileModTime:1442650502
%EndFont

